Starting a Gradle Daemon, 1 busy and 4 stopped Daemons could not be reused, use --status for details
> Task :checkKotlinGradlePluginConfigurationErrors
> Task :generateComposeResClass UP-TO-DATE
> Task :convertXmlValueResourcesForMain NO-SOURCE
> Task :copyNonXmlValueResourcesForMain NO-SOURCE
> Task :prepareComposeResourcesTaskForMain NO-SOURCE
> Task :generateResourceAccessorsForMain NO-SOURCE
> Task :compileKotlin
./gradlew : e: file:///D:/Client%20Projects/A
ttendance/src/main/kotlin/com/attendance/app/
ui/screens/StudentResponsesScreen.kt:282:2 
Expecting '}'
At line:1 char:1
+ ./gradlew compileKotlin > build_output.txt 
2>&1
+ ~~~~~~~~~~~~~~~~~~~~~~~~~~~~~~~~~~~~~~~~~~~
~~~~
    + CategoryInfo          : NotSpecified:  
   (e: file:///D:/C...2 Expecting '}':Strin  
  g) [], RemoteException
    + FullyQualifiedErrorId : NativeCommandE 
   rror
 
e: file:///D:/Client%20Projects/Attendance/sr
c/main/kotlin/com/attendance/app/ui/screens/S
tudentResponsesScreen.kt:129:25 Cannot 
access 'DateSelector': it is private in file
e: file:///D:/Client%20Projects/Attendance/sr
c/main/kotlin/com/attendance/app/ui/screens/S
tudentResponsesScreen.kt:273:1 Modifier 
'private' is not applicable to 'local 
function'

> Task :compileKotlin FAILED

FAILURE: Build failed with an exception.

* What went wrong:
Execution failed for task ':compileKotlin'.
> A failure occurred while executing org.jetb
rains.kotlin.compilerRunner.GradleCompilerRun
nerWithWorkers$GradleKotlinCompilerWorkAction
   > Compilation error. See log for more 
details

* Try:
> Run with --stacktrace option to get the 
stack trace.
> Run with --info or --debug option to get 
more log output.
> Run with --scan to get full insights.
> Get more help at https://help.gradle.org.

BUILD FAILED in 3m 51s
3 actionable tasks: 2 executed, 1 up-to-date
